<html>
<body>
<pre>
<h1>礦ision Build Log</h1>
<h2>Tool Versions:</h2>
IDE-Version: μVision V5.33.0.0
Copyright (C) 2020 ARM Ltd and ARM Germany GmbH. All rights reserved.
License Information: w AFShk, qad, LIC=X96CK-ZFGEI-56RQ2-9X77X-50IQJ-YHN6P
 
Tool Versions:
Toolchain:       MDK-ARM Plus  Version: 5.33.0.0
Toolchain Path:  D:\Program Files (x86)\Keil_v5\ARM\ARMCC\Bin
C Compiler:      Armcc.exe V5.06 update 7 (build 960)
Assembler:       Armasm.exe V5.06 update 7 (build 960)
Linker/Locator:  ArmLink.exe V5.06 update 7 (build 960)
Library Manager: ArmAr.exe V5.06 update 7 (build 960)
Hex Converter:   FromElf.exe V5.06 update 7 (build 960)
CPU DLL:         SARMCM3.DLL V5.33.0.0
Dialog DLL:      DCM.DLL V1.17.3.0
Target DLL:      CMSIS_AGDI.dll V1.32.12.0
Dialog DLL:      TCM.DLL V1.48.0.0
 
<h2>Project:</h2>
D:\RC2021\VERSION2\MDK-ARM\VERSION2.uvprojx
Project File Date:  10/01/2021

<h2>Output:</h2>
*** Using Compiler 'V5.06 update 7 (build 960)', folder: 'D:\Program Files (x86)\Keil_v5\ARM\ARMCC\Bin'
Build target 'VERSION2'
compiling Callback.c...
..\Application\Callback.c(157): warning:  #1035-D: single-precision operand implicitly converted to double-precision
  		accel_erro[0]=1.0072*(accel_erro[0]);
..\Application\Callback.c(158): warning:  #1035-D: single-precision operand implicitly converted to double-precision
  		accel_erro[1]=1.0065*(accel_erro[1]);
..\Application\Callback.c(159): warning:  #1035-D: single-precision operand implicitly converted to double-precision
  		accel_erro[2]=1.0073*(accel_erro[2]);//校准每个轴
..\Application\Callback.c(161): warning:  #1035-D: single-precision operand implicitly converted to double-precision
  		cos_tri[0]=accel_erro[2]/gravity;
..\Application\Callback.c(162): warning:  #1035-D: single-precision operand implicitly converted to double-precision
  		cos_tri[1]=accel_erro[0]/gravity;
..\Application\Callback.c(163): warning:  #1035-D: single-precision operand implicitly converted to double-precision
  		cos_tri[2]=accel_erro[1]/gravity;
..\Application\Callback.c(191): warning:  #111-D: statement is unreachable
  			break;
..\Application\Callback.c(208): warning:  #1035-D: single-precision operand implicitly converted to double-precision
  			car.accel[0]=1.0072*(imu_real_data.accel[0])-accel_erro[0];
..\Application\Callback.c(209): warning:  #1035-D: single-precision operand implicitly converted to double-precision
  			car.accel[1]=1.0065*(imu_real_data.accel[1])-accel_erro[1];
..\Application\Callback.c(210): warning:  #1035-D: single-precision operand implicitly converted to double-precision
  			car.accel[2]=1.0073*(imu_real_data.accel[2])-accel_erro[2]+gravity;//修正校准误差
..\Application\Callback.c: 10 warnings, 0 errors
linking...
Program Size: Code=48480 RO-data=2664 RW-data=528 ZI-data=46624  
FromELF: creating hex file...
"VERSION2\VERSION2.axf" - 0 Error(s), 10 Warning(s).

<h2>Software Packages used:</h2>

Package Vendor: ARM
                http://www.keil.com/pack/ARM.CMSIS.5.7.0.pack
                ARM.CMSIS.5.7.0
                CMSIS (Cortex Microcontroller Software Interface Standard)
   * Component: CORE Version: 5.4.0

Package Vendor: Keil
                http://www.keil.com/pack/Keil.STM32F4xx_DFP.2.15.0.pack
                Keil.STM32F4xx_DFP.2.15.0
                STMicroelectronics STM32F4 Series Device Support, Drivers and Examples

<h2>Collection of Component include folders:</h2>
  .\RTE\_VERSION2
  D:\Program Files (x86)\Keil_v5\Packs\ARM\CMSIS\5.7.0\CMSIS\Core\Include
  D:\Program Files (x86)\Keil_v5\Packs\Keil\STM32F4xx_DFP\2.15.0\Drivers\CMSIS\Device\ST\STM32F4xx\Include

<h2>Collection of Component Files used:</h2>

   * Component: ARM::CMSIS:CORE:5.4.0
Build Time Elapsed:  00:00:04
</pre>
</body>
</html>
