<html>
<body>
<pre>
<h1>礦ision Build Log</h1>
<h2>Tool Versions:</h2>
IDE-Version: μVision V5.33.0.0
Copyright (C) 2020 ARM Ltd and ARM Germany GmbH. All rights reserved.
License Information: w AFShk, qad, LIC=X96CK-ZFGEI-56RQ2-9X77X-50IQJ-YHN6P
 
Tool Versions:
Toolchain:       MDK-ARM Plus  Version: 5.33.0.0
Toolchain Path:  D:\Program Files (x86)\Keil_v5\ARM\ARMCC\Bin
C Compiler:      Armcc.exe V5.06 update 7 (build 960)
Assembler:       Armasm.exe V5.06 update 7 (build 960)
Linker/Locator:  ArmLink.exe V5.06 update 7 (build 960)
Library Manager: ArmAr.exe V5.06 update 7 (build 960)
Hex Converter:   FromElf.exe V5.06 update 7 (build 960)
CPU DLL:         SARMCM3.DLL V5.33.0.0
Dialog DLL:      DCM.DLL V1.17.3.0
Target DLL:      CMSIS_AGDI.dll V1.32.12.0
Dialog DLL:      TCM.DLL V1.48.0.0
 
<h2>Project:</h2>
D:\RC2021\VERSION2\MDK-ARM\VERSION2.uvprojx
Project File Date:  10/18/2021

<h2>Output:</h2>
*** Using Compiler 'V5.06 update 7 (build 960)', folder: 'D:\Program Files (x86)\Keil_v5\ARM\ARMCC\Bin'
Build target 'VERSION2'
compiling Callback.c...
..\Application\Callback.c(193): warning:  #1035-D: single-precision operand implicitly converted to double-precision
  			car.v1=-1*(1*car.vx+1*car.vy+28*car.w)*23.7946;//cm/s->rpm //关于速度的转换自动改成了对应的
..\Application\Callback.c(194): warning:  #1035-D: single-precision operand implicitly converted to double-precision
  			car.v2=-1*(-1*car.vx+1*car.vy+28*car.w)*23.7946;//cm
..\Application\Callback.c(195): warning:  #1035-D: single-precision operand implicitly converted to double-precision
  			car.v3=-1*(-1*car.vx-1*car.vy+28*car.w)*23.7946;
..\Application\Callback.c(196): warning:  #1035-D: single-precision operand implicitly converted to double-precision
  			car.v4=-1*(1*car.vx+-1*car.vy+28*car.w)*23.7946;
..\Application\Callback.c(206): warning:  #1035-D: single-precision operand implicitly converted to double-precision
  			car.v1=-1*(1*car.vx+1*car.vy+28*car.w)*23.7946;//cm/s->rpm
..\Application\Callback.c(207): warning:  #1035-D: single-precision operand implicitly converted to double-precision
  			car.v2=-1*(-1*car.vx+1*car.vy+28*car.w)*23.7946;//cm
..\Application\Callback.c(208): warning:  #1035-D: single-precision operand implicitly converted to double-precision
  			car.v3=-1*(-1*car.vx-1*car.vy+28*car.w)*23.7946;
..\Application\Callback.c(209): warning:  #1035-D: single-precision operand implicitly converted to double-precision
  			car.v4=-1*(1*car.vx+-1*car.vy+28*car.w)*23.7946;
..\Application\Callback.c(231): warning:  #1035-D: single-precision operand implicitly converted to double-precision
  			car.raccel[0]=1.0072*(imu_real_data.accel[0]-accel_errodata[0]);
..\Application\Callback.c(232): warning:  #1035-D: single-precision operand implicitly converted to double-precision
  			car.raccel[1]=1.0065*(imu_real_data.accel[1]-accel_errodata[1]);
..\Application\Callback.c(233): warning:  #1035-D: single-precision operand implicitly converted to double-precision
  			car.raccel[2]=1.0073*(imu_real_data.accel[2]-accel_errodata[2])+gravity;//修正校准误差
..\Application\Callback.c: 11 warnings, 0 errors
linking...
Program Size: Code=54328 RO-data=2964 RW-data=1964 ZI-data=47028  
FromELF: creating hex file...
"VERSION2\VERSION2.axf" - 0 Error(s), 11 Warning(s).

<h2>Software Packages used:</h2>

Package Vendor: ARM
                http://www.keil.com/pack/ARM.CMSIS.5.7.0.pack
                ARM.CMSIS.5.7.0
                CMSIS (Cortex Microcontroller Software Interface Standard)
   * Component: CORE Version: 5.4.0

Package Vendor: Keil
                http://www.keil.com/pack/Keil.STM32F4xx_DFP.2.15.0.pack
                Keil.STM32F4xx_DFP.2.15.0
                STMicroelectronics STM32F4 Series Device Support, Drivers and Examples

<h2>Collection of Component include folders:</h2>
  .\RTE\_VERSION2
  D:\Program Files (x86)\Keil_v5\Packs\ARM\CMSIS\5.7.0\CMSIS\Core\Include
  D:\Program Files (x86)\Keil_v5\Packs\Keil\STM32F4xx_DFP\2.15.0\Drivers\CMSIS\Device\ST\STM32F4xx\Include

<h2>Collection of Component Files used:</h2>

   * Component: ARM::CMSIS:CORE:5.4.0
Build Time Elapsed:  00:00:03
</pre>
</body>
</html>
